// Jest Snapshot v1, https://goo.gl/fbAQLP

exports[`it passes a11y 1`] = `
<div>
  <div
    class="govukAccordion lbhAccordion"
    data-attribute="value"
    id="test"
  >
    <div
      class="govukAccordionControls"
    >
      <button
        aria-expanded="false"
        class="govukAccordionOpenAll"
        type="button"
      >
        Open all
        <span
          class="govuk-visually-hidden"
        >
           sections
        </span>
      </button>
    </div>
    <div
      class="govukAccordionSection"
    >
      <div
        class="govukAccordionSectionHeader"
      >
        <h3
          class="lbh-heading-h5 govukAccordionSectionHeading"
        >
          <button
            aria-controls="test-content-1"
            aria-expanded="false"
            class="govukAccordionSectionButton"
            id="accordion-heading-test-1"
            type="button"
          >
            Test
            <span
              aria-hidden="true"
              class="govukAccordionIcon"
            />
          </button>
        </h3>
      </div>
      <div
        aria-labelledby="accordion-heading-test-1"
        class="govukAccordionSectionContent"
        id="accordion-content-test-1"
      >
        Hello
      </div>
    </div>
    <div
      class="govukAccordionSection"
    >
      <div
        class="govukAccordionSectionHeader"
      >
        <h3
          class="lbh-heading-h5 govukAccordionSectionHeading"
        >
          <button
            aria-controls="test-content-2"
            aria-expanded="false"
            class="govukAccordionSectionButton"
            id="accordion-heading-test-2"
            type="button"
          >
            Next
            <span
              aria-hidden="true"
              class="govukAccordionIcon"
            />
          </button>
        </h3>
      </div>
      <div
        aria-labelledby="accordion-heading-test-2"
        class="govukAccordionSectionContent"
        id="accordion-content-test-2"
      >
        Hello
      </div>
    </div>
  </div>
</div>
`;
