// Jest Snapshot v1, https://goo.gl/fbAQLP

exports[`it renders the text 1`] = `
<div>
  <p
    class="lbhBodyM"
  >
    Text
  </p>
</div>
`;
