// Jest Snapshot v1, https://goo.gl/fbAQLP

exports[`it renders correctly 1`] = `
<div>
  <div
    class="linkBox"
  >
    <div
      class="linkOverlay"
    >
      <a
        class="govukLink lbhLink lbhLinkNoVisitedState"
        href="https://localhost"
      >
        Link
      </a>
    </div>
  </div>
</div>
`;
