// Jest Snapshot v1, https://goo.gl/fbAQLP

exports[`it renders the label 1`] = `
<div>
  <label
    class="govukLabel lbhLabel"
    for="input"
  >
    Label
  </label>
  <input
    id="input"
  />
</div>
`;
