// Jest Snapshot v1, https://goo.gl/fbAQLP

exports[`it renders the error message 1`] = `
<div>
  <span
    class="govukErrorMessage lbhErrorMessage"
  >
    <span
      class="visuallyHidden"
    >
      Error
      :
    </span>
    Error
  </span>
</div>
`;
